// Jest Snapshot v1, https://goo.gl/fbAQLP

exports[`<MeasureSegment /> renders 1`] = `
ShallowWrapper {
  "length": 1,
  Symbol(enzyme.__root__): [Circular],
  Symbol(enzyme.__unrendered__): <MeasureSegment
    measureProp={
      Object {
        "arrow": "arrow up",
        "data": Array [
          Object {
            "label": "Achieved Performance",
            "percentage": "78.08",
          },
          Object {
            "label": "CMS Benchmark",
            "percentage": "45",
          },
          Object {
            "label": "Registry Average",
            "percentage": "85",
          },
        ],
        "icon": "thumbs up outline",
      }
    }
  />,
  Symbol(enzyme.__renderer__): Object {
    "batchedUpdates": [Function],
    "getNode": [Function],
    "render": [Function],
    "simulateEvent": [Function],
    "unmount": [Function],
  },
  Symbol(enzyme.__node__): Object {
    "instance": null,
    "key": undefined,
    "nodeType": "function",
    "props": Object {
      "children": Array [
        <Segment>
          <Icon
            as="i"
            color="green"
            name="arrow up"
            size="huge"
          />
          <Icon
            as="i"
            color="green"
            name="thumbs up outline"
            size="huge"
          />
        </Segment>,
        Array [
          <Segment>
            <Statistic>
              <p>
                Achieved Performance
              </p>
              <StatisticValue
                text={true}
              >
                78.08
                %
              </StatisticValue>
            </Statistic>
          </Segment>,
          <Segment>
            <Statistic>
              <p>
                CMS Benchmark
              </p>
              <StatisticValue
                text={true}
              >
                45
                %
              </StatisticValue>
            </Statistic>
          </Segment>,
          <Segment>
            <Statistic>
              <p>
                Registry Average
              </p>
              <StatisticValue
                text={true}
              >
                85
                %
              </StatisticValue>
            </Statistic>
          </Segment>,
        ],
      ],
      "className": "seg",
      "horizontal": true,
    },
    "ref": null,
    "rendered": Array [
      Object {
        "instance": null,
        "key": undefined,
        "nodeType": "function",
        "props": Object {
          "children": Array [
            <Icon
              as="i"
              color="green"
              name="arrow up"
              size="huge"
            />,
            <Icon
              as="i"
              color="green"
              name="thumbs up outline"
              size="huge"
            />,
          ],
        },
        "ref": null,
        "rendered": Array [
          Object {
            "instance": null,
            "key": undefined,
            "nodeType": "class",
            "props": Object {
              "as": "i",
              "color": "green",
              "name": "arrow up",
              "size": "huge",
            },
            "ref": null,
            "rendered": null,
            "type": [Function],
          },
          Object {
            "instance": null,
            "key": undefined,
            "nodeType": "class",
            "props": Object {
              "as": "i",
              "color": "green",
              "name": "thumbs up outline",
              "size": "huge",
            },
            "ref": null,
            "rendered": null,
            "type": [Function],
          },
        ],
        "type": [Function],
      },
      Object {
        "instance": null,
        "key": "0",
        "nodeType": "function",
        "props": Object {
          "children": <Statistic>
            <p>
              Achieved Performance
            </p>
            <StatisticValue
              text={true}
            >
              78.08
              %
            </StatisticValue>
          </Statistic>,
        },
        "ref": null,
        "rendered": Object {
          "instance": null,
          "key": undefined,
          "nodeType": "function",
          "props": Object {
            "children": Array [
              <p>
                Achieved Performance
              </p>,
              <StatisticValue
                text={true}
              >
                78.08
                %
              </StatisticValue>,
            ],
          },
          "ref": null,
          "rendered": Array [
            Object {
              "instance": null,
              "key": undefined,
              "nodeType": "host",
              "props": Object {
                "children": "Achieved Performance",
              },
              "ref": null,
              "rendered": "Achieved Performance",
              "type": "p",
            },
            Object {
              "instance": null,
              "key": undefined,
              "nodeType": "function",
              "props": Object {
                "children": Array [
                  "78.08",
                  "%",
                ],
                "text": true,
              },
              "ref": null,
              "rendered": Array [
                "78.08",
                "%",
              ],
              "type": [Function],
            },
          ],
          "type": [Function],
        },
        "type": [Function],
      },
      Object {
        "instance": null,
        "key": "1",
        "nodeType": "function",
        "props": Object {
          "children": <Statistic>
            <p>
              CMS Benchmark
            </p>
            <StatisticValue
              text={true}
            >
              45
              %
            </StatisticValue>
          </Statistic>,
        },
        "ref": null,
        "rendered": Object {
          "instance": null,
          "key": undefined,
          "nodeType": "function",
          "props": Object {
            "children": Array [
              <p>
                CMS Benchmark
              </p>,
              <StatisticValue
                text={true}
              >
                45
                %
              </StatisticValue>,
            ],
          },
          "ref": null,
          "rendered": Array [
            Object {
              "instance": null,
              "key": undefined,
              "nodeType": "host",
              "props": Object {
                "children": "CMS Benchmark",
              },
              "ref": null,
              "rendered": "CMS Benchmark",
              "type": "p",
            },
            Object {
              "instance": null,
              "key": undefined,
              "nodeType": "function",
              "props": Object {
                "children": Array [
                  "45",
                  "%",
                ],
                "text": true,
              },
              "ref": null,
              "rendered": Array [
                "45",
                "%",
              ],
              "type": [Function],
            },
          ],
          "type": [Function],
        },
        "type": [Function],
      },
      Object {
        "instance": null,
        "key": "2",
        "nodeType": "function",
        "props": Object {
          "children": <Statistic>
            <p>
              Registry Average
            </p>
            <StatisticValue
              text={true}
            >
              85
              %
            </StatisticValue>
          </Statistic>,
        },
        "ref": null,
        "rendered": Object {
          "instance": null,
          "key": undefined,
          "nodeType": "function",
          "props": Object {
            "children": Array [
              <p>
                Registry Average
              </p>,
              <StatisticValue
                text={true}
              >
                85
                %
              </StatisticValue>,
            ],
          },
          "ref": null,
          "rendered": Array [
            Object {
              "instance": null,
              "key": undefined,
              "nodeType": "host",
              "props": Object {
                "children": "Registry Average",
              },
              "ref": null,
              "rendered": "Registry Average",
              "type": "p",
            },
            Object {
              "instance": null,
              "key": undefined,
              "nodeType": "function",
              "props": Object {
                "children": Array [
                  "85",
                  "%",
                ],
                "text": true,
              },
              "ref": null,
              "rendered": Array [
                "85",
                "%",
              ],
              "type": [Function],
            },
          ],
          "type": [Function],
        },
        "type": [Function],
      },
    ],
    "type": [Function],
  },
  Symbol(enzyme.__nodes__): Array [
    Object {
      "instance": null,
      "key": undefined,
      "nodeType": "function",
      "props": Object {
        "children": Array [
          <Segment>
            <Icon
              as="i"
              color="green"
              name="arrow up"
              size="huge"
            />
            <Icon
              as="i"
              color="green"
              name="thumbs up outline"
              size="huge"
            />
          </Segment>,
          Array [
            <Segment>
              <Statistic>
                <p>
                  Achieved Performance
                </p>
                <StatisticValue
                  text={true}
                >
                  78.08
                  %
                </StatisticValue>
              </Statistic>
            </Segment>,
            <Segment>
              <Statistic>
                <p>
                  CMS Benchmark
                </p>
                <StatisticValue
                  text={true}
                >
                  45
                  %
                </StatisticValue>
              </Statistic>
            </Segment>,
            <Segment>
              <Statistic>
                <p>
                  Registry Average
                </p>
                <StatisticValue
                  text={true}
                >
                  85
                  %
                </StatisticValue>
              </Statistic>
            </Segment>,
          ],
        ],
        "className": "seg",
        "horizontal": true,
      },
      "ref": null,
      "rendered": Array [
        Object {
          "instance": null,
          "key": undefined,
          "nodeType": "function",
          "props": Object {
            "children": Array [
              <Icon
                as="i"
                color="green"
                name="arrow up"
                size="huge"
              />,
              <Icon
                as="i"
                color="green"
                name="thumbs up outline"
                size="huge"
              />,
            ],
          },
          "ref": null,
          "rendered": Array [
            Object {
              "instance": null,
              "key": undefined,
              "nodeType": "class",
              "props": Object {
                "as": "i",
                "color": "green",
                "name": "arrow up",
                "size": "huge",
              },
              "ref": null,
              "rendered": null,
              "type": [Function],
            },
            Object {
              "instance": null,
              "key": undefined,
              "nodeType": "class",
              "props": Object {
                "as": "i",
                "color": "green",
                "name": "thumbs up outline",
                "size": "huge",
              },
              "ref": null,
              "rendered": null,
              "type": [Function],
            },
          ],
          "type": [Function],
        },
        Object {
          "instance": null,
          "key": "0",
          "nodeType": "function",
          "props": Object {
            "children": <Statistic>
              <p>
                Achieved Performance
              </p>
              <StatisticValue
                text={true}
              >
                78.08
                %
              </StatisticValue>
            </Statistic>,
          },
          "ref": null,
          "rendered": Object {
            "instance": null,
            "key": undefined,
            "nodeType": "function",
            "props": Object {
              "children": Array [
                <p>
                  Achieved Performance
                </p>,
                <StatisticValue
                  text={true}
                >
                  78.08
                  %
                </StatisticValue>,
              ],
            },
            "ref": null,
            "rendered": Array [
              Object {
                "instance": null,
                "key": undefined,
                "nodeType": "host",
                "props": Object {
                  "children": "Achieved Performance",
                },
                "ref": null,
                "rendered": "Achieved Performance",
                "type": "p",
              },
              Object {
                "instance": null,
                "key": undefined,
                "nodeType": "function",
                "props": Object {
                  "children": Array [
                    "78.08",
                    "%",
                  ],
                  "text": true,
                },
                "ref": null,
                "rendered": Array [
                  "78.08",
                  "%",
                ],
                "type": [Function],
              },
            ],
            "type": [Function],
          },
          "type": [Function],
        },
        Object {
          "instance": null,
          "key": "1",
          "nodeType": "function",
          "props": Object {
            "children": <Statistic>
              <p>
                CMS Benchmark
              </p>
              <StatisticValue
                text={true}
              >
                45
                %
              </StatisticValue>
            </Statistic>,
          },
          "ref": null,
          "rendered": Object {
            "instance": null,
            "key": undefined,
            "nodeType": "function",
            "props": Object {
              "children": Array [
                <p>
                  CMS Benchmark
                </p>,
                <StatisticValue
                  text={true}
                >
                  45
                  %
                </StatisticValue>,
              ],
            },
            "ref": null,
            "rendered": Array [
              Object {
                "instance": null,
                "key": undefined,
                "nodeType": "host",
                "props": Object {
                  "children": "CMS Benchmark",
                },
                "ref": null,
                "rendered": "CMS Benchmark",
                "type": "p",
              },
              Object {
                "instance": null,
                "key": undefined,
                "nodeType": "function",
                "props": Object {
                  "children": Array [
                    "45",
                    "%",
                  ],
                  "text": true,
                },
                "ref": null,
                "rendered": Array [
                  "45",
                  "%",
                ],
                "type": [Function],
              },
            ],
            "type": [Function],
          },
          "type": [Function],
        },
        Object {
          "instance": null,
          "key": "2",
          "nodeType": "function",
          "props": Object {
            "children": <Statistic>
              <p>
                Registry Average
              </p>
              <StatisticValue
                text={true}
              >
                85
                %
              </StatisticValue>
            </Statistic>,
          },
          "ref": null,
          "rendered": Object {
            "instance": null,
            "key": undefined,
            "nodeType": "function",
            "props": Object {
              "children": Array [
                <p>
                  Registry Average
                </p>,
                <StatisticValue
                  text={true}
                >
                  85
                  %
                </StatisticValue>,
              ],
            },
            "ref": null,
            "rendered": Array [
              Object {
                "instance": null,
                "key": undefined,
                "nodeType": "host",
                "props": Object {
                  "children": "Registry Average",
                },
                "ref": null,
                "rendered": "Registry Average",
                "type": "p",
              },
              Object {
                "instance": null,
                "key": undefined,
                "nodeType": "function",
                "props": Object {
                  "children": Array [
                    "85",
                    "%",
                  ],
                  "text": true,
                },
                "ref": null,
                "rendered": Array [
                  "85",
                  "%",
                ],
                "type": [Function],
              },
            ],
            "type": [Function],
          },
          "type": [Function],
        },
      ],
      "type": [Function],
    },
  ],
  Symbol(enzyme.__options__): Object {
    "adapter": ReactSixteenAdapter {
      "options": Object {
        "enableComponentDidUpdateOnSetState": true,
      },
    },
  },
}
`;
